// Jest Snapshot v1, https://goo.gl/fbAQLP

exports[`should render Cast correctly 1`] = `undefined`;
